
> savegoal-backend@1.0.0 test
> jest

node.exe : FAIL dist/tests/phase2.test.js
At line:1 char:1
+ & "C:\Program Files\nodejs/node.exe" 
"C:\Program Files\nodejs/node_mo ...
+ ~~~~~~~~~~~~~~~~~~~~~~~~~~~~~~~~~~~~~~~~~~
~~~~~~~~~~~~~~~~~~~~~~~~~~~
    + CategoryInfo          : NotSpe    
cified: (FAIL dist/tests/phase2.    
test.js:String) [], RemoteExcept    ion
    + FullyQualifiedErrorId : Native    
CommandError
 
  ÔùÅ Test suite failed to run

    Jest encountered an unexpected token

    Jest failed to parse a file. This 
happens e.g. when your code or its 
dependencies use non-standard JavaScript 
syntax, or when Jest is not configured to 
support such syntax.

    Out of the box Jest supports Babel, 
which will be used to transform your files 
into valid JS based on your Babel 
configuration.

    By default "node_modules" folder is 
ignored by transformers.

    Here's what you can do:
     ÔÇó If you are trying to use 
ECMAScript Modules, see 
https://jestjs.io/docs/ecmascript-modules 
for how to enable it.
     ÔÇó If you are trying to use 
TypeScript, see https://jestjs.io/docs/getti
ng-started#using-typescript
     ÔÇó To have some of your 
"node_modules" files transformed, you can 
specify a custom "transformIgnorePatterns" 
in your config.
     ÔÇó If you need a custom 
transformation specify a "transform" option 
in your config.
     ÔÇó If you simply want to mock your 
non-JS modules (e.g. binary assets) you can 
stub them out with the "moduleNameMapper" 
config option.

    You'll find more details and examples 
of these config options in the docs:
    https://jestjs.io/docs/configuration
    For information about custom 
transformations, see:
    
https://jestjs.io/docs/code-transformation

    Details:

    C:\Users\user\Desktop\work\snbl\savegoal
-backend\dist\tests\phase2.test.js:1
    ({"Object.<anonymous>":function(module,e
xports,require,__dirname,__filename,jest){im
port request from 'supertest';
                                            
                                          
^^^^^^

    SyntaxError: Cannot use import 
statement outside a module

      at Runtime.createScriptFromCode (node_
modules/jest-runtime/build/index.js:1505:14)

FAIL dist/tests/health.test.js
  ÔùÅ Test suite failed to run

    Jest encountered an unexpected token

    Jest failed to parse a file. This 
happens e.g. when your code or its 
dependencies use non-standard JavaScript 
syntax, or when Jest is not configured to 
support such syntax.

    Out of the box Jest supports Babel, 
which will be used to transform your files 
into valid JS based on your Babel 
configuration.

    By default "node_modules" folder is 
ignored by transformers.

    Here's what you can do:
     ÔÇó If you are trying to use 
ECMAScript Modules, see 
https://jestjs.io/docs/ecmascript-modules 
for how to enable it.
     ÔÇó If you are trying to use 
TypeScript, see https://jestjs.io/docs/getti
ng-started#using-typescript
     ÔÇó To have some of your 
"node_modules" files transformed, you can 
specify a custom "transformIgnorePatterns" 
in your config.
     ÔÇó If you need a custom 
transformation specify a "transform" option 
in your config.
     ÔÇó If you simply want to mock your 
non-JS modules (e.g. binary assets) you can 
stub them out with the "moduleNameMapper" 
config option.

    You'll find more details and examples 
of these config options in the docs:
    https://jestjs.io/docs/configuration
    For information about custom 
transformations, see:
    
https://jestjs.io/docs/code-transformation

    Details:

    C:\Users\user\Desktop\work\snbl\savegoal
-backend\dist\tests\health.test.js:6
    export {};
    ^^^^^^

    SyntaxError: Unexpected token 'export'

      at Runtime.createScriptFromCode (node_
modules/jest-runtime/build/index.js:1505:14)

FAIL tests/phase2.test.ts
  ÔùÅ Test suite failed to run

    Jest encountered an unexpected token

    Jest failed to parse a file. This 
happens e.g. when your code or its 
dependencies use non-standard JavaScript 
syntax, or when Jest is not configured to 
support such syntax.

    Out of the box Jest supports Babel, 
which will be used to transform your files 
into valid JS based on your Babel 
configuration.

    By default "node_modules" folder is 
ignored by transformers.

    Here's what you can do:
     ÔÇó If you are trying to use 
ECMAScript Modules, see 
https://jestjs.io/docs/ecmascript-modules 
for how to enable it.
     ÔÇó If you are trying to use 
TypeScript, see https://jestjs.io/docs/getti
ng-started#using-typescript
     ÔÇó To have some of your 
"node_modules" files transformed, you can 
specify a custom "transformIgnorePatterns" 
in your config.
     ÔÇó If you need a custom 
transformation specify a "transform" option 
in your config.
     ÔÇó If you simply want to mock your 
non-JS modules (e.g. binary assets) you can 
stub them out with the "moduleNameMapper" 
config option.

    You'll find more details and examples 
of these config options in the docs:
    https://jestjs.io/docs/configuration
    For information about custom 
transformations, see:
    
https://jestjs.io/docs/code-transformation

    Details:

    C:\Users\user\Desktop\work\snbl\savegoal
-backend\tests\phase2.test.ts:1
    ({"Object.<anonymous>":function(module,e
xports,require,__dirname,__filename,jest){im
port request from 'supertest';
                                            
                                          
^^^^^^

    SyntaxError: Cannot use import 
statement outside a module

      at Runtime.createScriptFromCode (node_
modules/jest-runtime/build/index.js:1505:14)

FAIL tests/health.test.ts
  ÔùÅ Test suite failed to run

    Jest encountered an unexpected token

    Jest failed to parse a file. This 
happens e.g. when your code or its 
dependencies use non-standard JavaScript 
syntax, or when Jest is not configured to 
support such syntax.

    Out of the box Jest supports Babel, 
which will be used to transform your files 
into valid JS based on your Babel 
configuration.

    By default "node_modules" folder is 
ignored by transformers.

    Here's what you can do:
     ÔÇó If you are trying to use 
ECMAScript Modules, see 
https://jestjs.io/docs/ecmascript-modules 
for how to enable it.
     ÔÇó If you are trying to use 
TypeScript, see https://jestjs.io/docs/getti
ng-started#using-typescript
     ÔÇó To have some of your 
"node_modules" files transformed, you can 
specify a custom "transformIgnorePatterns" 
in your config.
     ÔÇó If you need a custom 
transformation specify a "transform" option 
in your config.
     ÔÇó If you simply want to mock your 
non-JS modules (e.g. binary assets) you can 
stub them out with the "moduleNameMapper" 
config option.

    You'll find more details and examples 
of these config options in the docs:
    https://jestjs.io/docs/configuration
    For information about custom 
transformations, see:
    
https://jestjs.io/docs/code-transformation

    Details:

    C:\Users\user\Desktop\work\snbl\savegoal
-backend\tests\health.test.ts:6
    export {};
    ^^^^^^

    SyntaxError: Unexpected token 'export'

      at Runtime.createScriptFromCode (node_
modules/jest-runtime/build/index.js:1505:14)

Test Suites: 4 failed, 4 total
Tests:       0 total
Snapshots:   0 total
Time:        2.365 s
Ran all test suites.
